Found posedge.
Found posedge.
Found posedge.

Info: /OSCI/SystemC: Simulation stopped by user.
