--
m=0
n=1
count=0
--
--
m=1
n=0
count=0
--
--
m=1
n=5
count=5
--
--
m=5
n=1
count=5
--
--
m=50
n=100
count=5000
--
--
m=4
n=4
count=16
--
--
m=6
n=2
count=12
--
--
m=2
n=7
count=14
--
